(2 true
4 true
)
( Train 1
	Locomotive null true 3
	Car red true 2
)
