( Train 1
	Locomotive null true 5
	Car red true 4
)