(2 false
4 false
)
(2 true
4 false
)
(2 false
4 false
