(2 blue)
( Train 1
	Locomotive null true 2
Car red true 1
)
( Train 1
	Locomotive null true 3
Car red true 2
)
