(2 blue)
( Train 1
	Locomotive null true 3
	Car blue true 2
Car blue false 1
)
( Train 1
	Locomotive null true 4
	Car blue true 3
Car blue true 2
)
